// Jest Snapshot v1, https://goo.gl/fbAQLP

exports[`components/ChannelSettingsModal subscription modal snapshot test 1`] = `
<Modal
  backdrop="static"
  onHide={[Function]}
  show={true}
>
  <ModalHeader
    closeButton={true}
  >
    <ModalTitle>
      Edit Your Confluence Subscription
    </ModalTitle>
  </ModalHeader>
  <ModalBody>
    <div>
      <ConfluenceField
        addValidation={[Function]}
        fieldType="input"
        formControlStyle={Object {}}
        formGroupStyle={Object {}}
        label="Name"
        onChange={[Function]}
        placeholder="Enter a name for this subscription."
        readOnly={false}
        removeValidation={[Function]}
        required={true}
        type="text"
        value=""
      />
      <ConfluenceField
        addValidation={[Function]}
        fieldType="input"
        formControlStyle={Object {}}
        formGroupStyle={Object {}}
        label="Confluence Base URL"
        onChange={[Function]}
        placeholder="Enter the Confluence Base URL."
        readOnly={false}
        removeValidation={[Function]}
        required={true}
        type="text"
        value=""
      />
      <div
        style={
          Object {
            "display": "flex",
          }
        }
      >
        <ConfluenceField
          addValidation={[Function]}
          fieldType="dropDown"
          formControlStyle={Object {}}
          formGroupStyle={
            Object {
              "flex": "1",
              "marginRight": "20px",
            }
          }
          isMulti={false}
          isSearchable={false}
          label="Subscribe To"
          name="type"
          onChange={[Function]}
          options={
            Array [
              Object {
                "label": "Space",
                "value": "space_subscription",
              },
              Object {
                "label": "Page",
                "value": "page_subscription",
              },
            ]
          }
          readOnly={false}
          removeValidation={[Function]}
          required={true}
          theme={Object {}}
          value={
            Object {
              "label": "Space",
              "value": "space_subscription",
            }
          }
        />
        <ConfluenceField
          addValidation={[Function]}
          fieldType="input"
          formControlStyle={
            Object {
              "height": "38px",
            }
          }
          formGroupStyle={
            Object {
              "flex": "1",
            }
          }
          label="Space Key"
          onChange={[Function]}
          placeholder="Enter the Confluence Space Key."
          readOnly={false}
          removeValidation={[Function]}
          required={true}
          type="text"
          value=""
        />
      </div>
      <ConfluenceField
        addValidation={[Function]}
        fieldType="dropDown"
        formControlStyle={Object {}}
        formGroupStyle={Object {}}
        isMulti={true}
        label="Events"
        name="events"
        onChange={[Function]}
        options={
          Array [
            Object {
              "label": "Comment Create",
              "value": "comment_created",
            },
            Object {
              "label": "Comment Update",
              "value": "comment_updated",
            },
            Object {
              "label": "Comment Remove",
              "value": "comment_removed",
            },
            Object {
              "label": "Page Create",
              "value": "page_created",
            },
            Object {
              "label": "Page Update",
              "value": "page_updated",
            },
            Object {
              "label": "Page Trash",
              "value": "page_trashed",
            },
            Object {
              "label": "Page Restore",
              "value": "page_restored",
            },
            Object {
              "label": "Page Remove",
              "value": "page_removed",
            },
          ]
        }
        readOnly={false}
        removeValidation={[Function]}
        required={true}
        theme={Object {}}
        value={
          Array [
            Object {
              "label": "Comment Create",
              "value": "comment_created",
            },
            Object {
              "label": "Comment Update",
              "value": "comment_updated",
            },
            Object {
              "label": "Comment Remove",
              "value": "comment_removed",
            },
            Object {
              "label": "Page Create",
              "value": "page_created",
            },
            Object {
              "label": "Page Update",
              "value": "page_updated",
            },
            Object {
              "label": "Page Trash",
              "value": "page_trashed",
            },
            Object {
              "label": "Page Restore",
              "value": "page_restored",
            },
            Object {
              "label": "Page Remove",
              "value": "page_removed",
            },
          ]
        }
      />
    </div>
  </ModalBody>
  <ModalFooter>
    <Button
      bsStyle="link"
      onClick={[Function]}
      type="button"
    >
      Cancel
    </Button>
    <Button
      bsStyle="primary"
      disabled={false}
      onClick={[Function]}
      type="submit"
    >
      Save Subscription
    </Button>
  </ModalFooter>
</Modal>
`;
